a
abc
-1
 -1
0
1
37
0
1
-1
0
             0
1
37
0.37
